---
source: crates/gnr8-core/tests/snapshot_nestjs_graph.rs
expression: graph
---
module: nestjs-bookstore
operations:
  - id: listBooks
    method: GET
    path: /books/
    handler: listBooks
    summary: List books in one genre.
    description: Results are ordered by title and paginated with an opaque cursor.
    params:
      - name: cursor
        location: query
        required: false
        schema:
          type: primitive
          of:
            prim: string
        provenance:
          file: src/books.controller.ts
          start_line: 51
          end_line: 51
      - name: genre
        location: query
        required: true
        schema:
          type: primitive
          of:
            prim: string
        provenance:
          file: src/books.controller.ts
          start_line: 49
          end_line: 49
      - name: sort
        location: query
        required: false
        schema:
          type: primitive
          of:
            prim: string
        provenance:
          file: src/books.controller.ts
          start_line: 50
          end_line: 50
    request_body: ~
    responses:
      - status: 200
        body:
          ref_id: src/books.dto.ListBooksResponse
        content_types:
          - application/json
    provenance:
      file: src/books.controller.ts
      start_line: 48
      end_line: 48
  - id: createBook
    method: POST
    path: /books/
    handler: createBook
    summary: Add a book to the catalogue.
    description: The book is created immediately and its generated identifier is returned.
    params: []
    request_body:
      ref_id: src/books.dto.BookDto
    request_body_content_type: application/json
    responses:
      - status: 201
        body:
          ref_id: src/books.dto.CreatedMessage
        content_types:
          - application/json
    provenance:
      file: src/books.controller.ts
      start_line: 61
      end_line: 61
  - id: getBook
    method: GET
    path: "/books/{bookId}"
    handler: getBook
    summary: Fetch one book by its identifier.
    description: "Returns the book when it is in stock, and an out-of-stock notice otherwise."
    params:
      - name: bookId
        location: path
        required: true
        schema:
          type: primitive
          of:
            prim: float
            bits: 64
        provenance:
          file: src/books.controller.ts
          start_line: 71
          end_line: 71
      - name: fmt
        location: query
        required: false
        schema:
          type: named
          of: src/books.dto.BookFormat
        provenance:
          file: src/books.controller.ts
          start_line: 72
          end_line: 72
    request_body: ~
    responses:
      - status: 200
        body:
          ref_id: src/books.dto.BookOrError
        content_types:
          - application/json
    provenance:
      file: src/books.controller.ts
      start_line: 70
      end_line: 70
  - id: updateBook
    method: PUT
    path: "/books/{bookId}"
    handler: updateBook
    params:
      - name: bookId
        location: path
        required: true
        schema:
          type: primitive
          of:
            prim: float
            bits: 64
        provenance:
          file: src/books.controller.ts
          start_line: 79
          end_line: 79
    request_body:
      ref_id: src/books.dto.BookFilters
    request_body_content_type: application/json
    responses:
      - status: 200
        body:
          ref_id: src/books.dto.CreatedMessage
        content_types:
          - application/json
    provenance:
      file: src/books.controller.ts
      start_line: 78
      end_line: 78
schemas:
  - id: src/books.dto.AuthorDto
    name: AuthorDto
    body:
      type: object
      of:
        - json_name: bio
          serializer_may_omit: false
          deserializer_accepts_absent: false
          deserializer_accepts_null: true
          serializer_may_emit_null: true
          validator_requires_presence: false
          validator_rejects_null: false
          schema:
            type: primitive
            of:
              prim: string
          description: ~
          example: ~
        - json_name: name
          serializer_may_omit: false
          deserializer_accepts_absent: false
          deserializer_accepts_null: false
          serializer_may_emit_null: false
          validator_requires_presence: false
          validator_rejects_null: false
          schema:
            type: primitive
            of:
              prim: string
          description: ~
          example: ~
    provenance:
      file: src/books.dto.ts
      start_line: 41
      end_line: 41
  - id: src/books.dto.BookDto
    name: BookDto
    body:
      type: object
      of:
        - json_name: author
          serializer_may_omit: false
          deserializer_accepts_absent: false
          deserializer_accepts_null: false
          serializer_may_emit_null: false
          validator_requires_presence: false
          validator_rejects_null: false
          schema:
            type: named
            of: src/books.dto.AuthorDto
          description: ~
          example: ~
        - json_name: format
          serializer_may_omit: false
          deserializer_accepts_absent: false
          deserializer_accepts_null: false
          serializer_may_emit_null: false
          validator_requires_presence: false
          validator_rejects_null: false
          schema:
            type: named
            of: src/books.dto.BookFormat
          description: ~
          example: ~
        - json_name: id
          serializer_may_omit: false
          deserializer_accepts_absent: false
          deserializer_accepts_null: false
          serializer_may_emit_null: false
          validator_requires_presence: false
          validator_rejects_null: false
          schema:
            type: primitive
            of:
              prim: float
              bits: 64
          description: ~
          example: ~
        - json_name: rating
          serializer_may_omit: true
          deserializer_accepts_absent: true
          deserializer_accepts_null: true
          serializer_may_emit_null: true
          validator_requires_presence: false
          validator_rejects_null: false
          schema:
            type: primitive
            of:
              prim: float
              bits: 64
          description: ~
          example: ~
        - json_name: tags
          serializer_may_omit: true
          deserializer_accepts_absent: true
          deserializer_accepts_null: false
          serializer_may_emit_null: false
          validator_requires_presence: false
          validator_rejects_null: false
          schema:
            type: array
            of:
              type: primitive
              of:
                prim: string
          description: ~
          example: ~
        - json_name: title
          serializer_may_omit: false
          deserializer_accepts_absent: false
          deserializer_accepts_null: false
          serializer_may_emit_null: false
          validator_requires_presence: false
          validator_rejects_null: false
          schema:
            type: primitive
            of:
              prim: string
          description: ~
          example: ~
    provenance:
      file: src/books.dto.ts
      start_line: 47
      end_line: 47
  - id: src/books.dto.BookFilters
    name: BookFilters
    body:
      type: object
      of:
        - json_name: genre
          serializer_may_omit: false
          deserializer_accepts_absent: false
          deserializer_accepts_null: false
          serializer_may_emit_null: false
          validator_requires_presence: false
          validator_rejects_null: false
          schema:
            type: primitive
            of:
              prim: string
          description: ~
          example: ~
        - json_name: inStock
          serializer_may_omit: true
          deserializer_accepts_absent: true
          deserializer_accepts_null: false
          serializer_may_emit_null: false
          validator_requires_presence: false
          validator_rejects_null: false
          schema:
            type: primitive
            of:
              prim: bool
          description: ~
          example: ~
        - json_name: published
          serializer_may_omit: false
          deserializer_accepts_absent: false
          deserializer_accepts_null: true
          serializer_may_emit_null: true
          validator_requires_presence: false
          validator_rejects_null: false
          schema:
            type: primitive
            of:
              prim: float
              bits: 64
          description: ~
          example: ~
        - json_name: sort
          serializer_may_omit: true
          deserializer_accepts_absent: true
          deserializer_accepts_null: true
          serializer_may_emit_null: true
          validator_requires_presence: false
          validator_rejects_null: false
          schema:
            type: enum
            of:
              - asc
              - desc
          description: ~
          example: ~
    provenance:
      file: src/books.dto.ts
      start_line: 56
      end_line: 56
  - id: src/books.dto.BookFormat
    name: BookFormat
    body:
      type: enum
      of:
        - hardcover
        - paperback
    enum_source_order:
      - hardcover
      - paperback
    provenance:
      file: src/books.dto.ts
      start_line: 36
      end_line: 36
  - id: src/books.dto.BookOrError
    name: BookOrError
    body:
      type: union
      of:
        - type: named
          of: src/books.dto.BookDto
        - type: named
          of: src/books.dto.OutOfStockDto
    provenance:
      file: src/books.dto.ts
      start_line: 73
      end_line: 73
  - id: src/books.dto.CreatedMessage
    name: CreatedMessage
    body:
      type: object
      of:
        - json_name: id
          serializer_may_omit: false
          deserializer_accepts_absent: false
          deserializer_accepts_null: false
          serializer_may_emit_null: false
          validator_requires_presence: false
          validator_rejects_null: false
          schema:
            type: primitive
            of:
              prim: float
              bits: 64
          description: ~
          example: ~
        - json_name: message
          serializer_may_omit: false
          deserializer_accepts_absent: false
          deserializer_accepts_null: false
          serializer_may_emit_null: false
          validator_requires_presence: false
          validator_rejects_null: false
          schema:
            type: primitive
            of:
              prim: string
          description: ~
          example: ~
    provenance:
      file: src/books.dto.ts
      start_line: 75
      end_line: 75
  - id: src/books.dto.ListBooksResponse
    name: ListBooksResponse
    body:
      type: object
      of:
        - json_name: books
          serializer_may_omit: false
          deserializer_accepts_absent: false
          deserializer_accepts_null: false
          serializer_may_emit_null: false
          validator_requires_presence: false
          validator_rejects_null: false
          schema:
            type: array
            of:
              type: named
              of: src/books.dto.BookDto
          description: ~
          example: ~
        - json_name: nextCursor
          serializer_may_omit: false
          deserializer_accepts_absent: false
          deserializer_accepts_null: true
          serializer_may_emit_null: true
          validator_requires_presence: false
          validator_rejects_null: false
          schema:
            type: primitive
            of:
              prim: string
          description: ~
          example: ~
        - json_name: total
          serializer_may_omit: false
          deserializer_accepts_absent: false
          deserializer_accepts_null: false
          serializer_may_emit_null: false
          validator_requires_presence: false
          validator_rejects_null: false
          schema:
            type: primitive
            of:
              prim: float
              bits: 64
          description: ~
          example: ~
    provenance:
      file: src/books.dto.ts
      start_line: 80
      end_line: 80
  - id: src/books.dto.OutOfStockDto
    name: OutOfStockDto
    body:
      type: object
      of:
        - json_name: reason
          serializer_may_omit: false
          deserializer_accepts_absent: false
          deserializer_accepts_null: false
          serializer_may_emit_null: false
          validator_requires_presence: false
          validator_rejects_null: false
          schema:
            type: primitive
            of:
              prim: string
          description: ~
          example: ~
    provenance:
      file: src/books.dto.ts
      start_line: 70
      end_line: 70
diagnostics: []
base_path: /
title: API
security: []
