---
source: crates/gnr8-core/tests/snapshot_graph.rs
expression: graph
---
module: github.com/gnr8/gnr8-fixtures/goalservice
operations:
  - id: createGoal
    method: POST
    path: /
    handler: createGoal
    middleware:
      - AuthMiddleware
    params: []
    request_body:
      ref_id: internal/common/dto.CreateGoalInput
    request_body_content_type: application/json
    responses:
      - status: 201
        body:
          ref_id: internal/common/dto.CommandMessageWithUUID
        content_types:
          - application/json
      - status: 400
        body:
          ref_id: internal/common/dto.HttpError
        content_types:
          - application/json
    provenance:
      file: internal/goal/ports/http.go
      start_line: 55
      end_line: 55
  - id: listGoals
    method: GET
    path: /list
    handler: listGoals
    middleware:
      - AuthMiddleware
    params:
      - name: aggregation
        location: query
        required: false
        schema:
          type: primitive
          of:
            prim: string
        provenance:
          file: internal/goal/ports/handlers.go
          start_line: 47
          end_line: 47
      - name: cursor
        location: query
        required: false
        schema:
          type: primitive
          of:
            prim: string
        provenance:
          file: internal/goal/ports/handlers.go
          start_line: 45
          end_line: 45
      - name: page_size
        location: query
        required: false
        schema:
          type: primitive
          of:
            prim: string
        provenance:
          file: internal/goal/ports/handlers.go
          start_line: 46
          end_line: 46
    request_body: ~
    responses:
      - status: 200
        body:
          ref_id: internal/common/dto.ListGoalsOutput
        content_types:
          - application/json
    provenance:
      file: internal/goal/ports/http.go
      start_line: 56
      end_line: 56
  - id: deleteGoal
    method: DELETE
    path: "/{uuid}"
    handler: deleteGoal
    middleware:
      - AuthMiddleware
    params:
      - name: uuid
        location: path
        required: true
        schema:
          type: primitive
          of:
            prim: string
        provenance:
          file: internal/goal/ports/handlers.go
          start_line: 92
          end_line: 92
    request_body: ~
    responses:
      - status: 200
        body:
          ref_id: internal/common/dto.CommandMessage
        content_types:
          - application/json
      - status: 400
        body:
          ref_id: internal/common/dto.HttpError
        content_types:
          - application/json
    provenance:
      file: internal/goal/ports/http.go
      start_line: 58
      end_line: 58
  - id: updateGoal
    method: PUT
    path: "/{uuid}"
    handler: updateGoal
    middleware:
      - AuthMiddleware
    params:
      - name: uuid
        location: path
        required: true
        schema:
          type: primitive
          of:
            prim: string
        provenance:
          file: internal/goal/ports/handlers.go
          start_line: 67
          end_line: 67
    request_body:
      ref_id: internal/common/dto.UpdateGoalInput
    request_body_content_type: application/json
    responses:
      - status: 200
        body:
          ref_id: internal/common/dto.CommandMessage
        content_types:
          - application/json
      - status: 400
        body:
          ref_id: internal/common/dto.HttpError
        content_types:
          - application/json
    provenance:
      file: internal/goal/ports/http.go
      start_line: 57
      end_line: 57
schemas:
  - id: internal/common/dto.CommandMessage
    name: CommandMessage
    body:
      type: object
      of:
        - json_name: message
          required: true
          optional: false
          nullable: false
          schema:
            type: primitive
            of:
              prim: string
          description: ~
          example: ~
    provenance:
      file: internal/common/dto/common.go
      start_line: 25
      end_line: 25
  - id: internal/common/dto.CommandMessageWithUUID
    name: CommandMessageWithUUID
    body:
      type: object
      of:
        - json_name: message
          required: true
          optional: false
          nullable: false
          schema:
            type: primitive
            of:
              prim: string
          description: ~
          example: ~
        - json_name: uuid
          required: true
          optional: false
          nullable: false
          schema:
            type: well_known
            of: uuid
          description: ~
          example: ~
    provenance:
      file: internal/common/dto/common.go
      start_line: 32
      end_line: 32
  - id: internal/common/dto.CreateGoalInput
    name: CreateGoalInput
    body:
      type: object
      of:
        - json_name: analyticsQuery
          required: true
          optional: false
          nullable: false
          schema:
            type: named
            of: internal/common/dto.GoalAnalyticsQuery
          description: ~
          example: ~
        - json_name: description
          required: false
          optional: false
          nullable: false
          schema:
            type: primitive
            of:
              prim: string
          description: Longer explanation
          example: ~
        - json_name: name
          required: true
          optional: false
          nullable: false
          schema:
            type: primitive
            of:
              prim: string
          description: Short human-readable goal name
          example: ~
        - json_name: targetDirection
          required: false
          optional: true
          nullable: true
          schema:
            type: named
            of: internal/common/dto.TargetDirection
          description: ~
          example: ~
        - json_name: targetValue
          required: false
          optional: true
          nullable: true
          schema:
            type: primitive
            of:
              prim: float
              bits: 32
          description: ~
          example: ~
        - json_name: workflowChainIds
          required: false
          optional: true
          nullable: false
          schema:
            type: array
            of:
              type: well_known
              of: uuid
          description: ~
          example: ~
    provenance:
      file: internal/common/dto/goal.go
      start_line: 28
      end_line: 28
  - id: internal/common/dto.GoalAnalyticsQuery
    name: GoalAnalyticsQuery
    body:
      type: object
      of:
        - json_name: includePast
          required: false
          optional: true
          nullable: false
          schema:
            type: primitive
            of:
              prim: bool
          description: Whether to include historical data points
          example: ~
        - json_name: metric
          required: true
          optional: false
          nullable: false
          schema:
            type: primitive
            of:
              prim: string
          description: Analytics metric to evaluate
          example: ~
        - json_name: windowDays
          required: false
          optional: false
          nullable: false
          schema:
            type: primitive
            of:
              prim: int
              bits: 32
              signed: true
          description: Rolling window size in days
          example: ~
    provenance:
      file: internal/common/dto/goal.go
      start_line: 11
      end_line: 11
  - id: internal/common/dto.GoalResponse
    name: GoalResponse
    body:
      type: object
      of:
        - json_name: analyticsQuery
          required: false
          optional: false
          nullable: false
          schema:
            type: named
            of: internal/common/dto.GoalAnalyticsQuery
          description: ~
          example: ~
        - json_name: createdAt
          required: false
          optional: false
          nullable: false
          schema:
            type: well_known
            of: date_time
          description: ~
          example: ~
        - json_name: description
          required: false
          optional: true
          nullable: false
          schema:
            type: primitive
            of:
              prim: string
          description: ~
          example: ~
        - json_name: metadata
          required: false
          optional: true
          nullable: false
          schema:
            type: any
            of: {}
          description: ~
          example: ~
        - json_name: name
          required: true
          optional: false
          nullable: false
          schema:
            type: primitive
            of:
              prim: string
          description: ~
          example: ~
        - json_name: targetDirection
          required: false
          optional: true
          nullable: true
          schema:
            type: named
            of: internal/common/dto.TargetDirection
          description: ~
          example: ~
        - json_name: targetValue
          required: false
          optional: true
          nullable: true
          schema:
            type: primitive
            of:
              prim: float
              bits: 32
          description: ~
          example: ~
        - json_name: uuid
          required: true
          optional: false
          nullable: false
          schema:
            type: well_known
            of: uuid
          description: ~
          example: ~
    provenance:
      file: internal/common/dto/goal.go
      start_line: 52
      end_line: 52
  - id: internal/common/dto.HttpError
    name: HttpError
    body:
      type: object
      of:
        - json_name: hints
          required: false
          optional: true
          nullable: false
          schema:
            type: array
            of:
              type: primitive
              of:
                prim: string
          description: ~
          example: "hint 1,hint 2"
        - json_name: message
          required: true
          optional: false
          nullable: false
          schema:
            type: primitive
            of:
              prim: string
          description: ~
          example: error message
        - json_name: slug
          required: false
          optional: true
          nullable: false
          schema:
            type: primitive
            of:
              prim: string
          description: ~
          example: error-slug
    provenance:
      file: internal/common/dto/common.go
      start_line: 18
      end_line: 18
  - id: internal/common/dto.ListGoalsOutput
    name: ListGoalsOutput
    body:
      type: object
      of:
        - json_name: goals
          required: false
          optional: false
          nullable: false
          schema:
            type: array
            of:
              type: named
              of: internal/common/dto.GoalResponse
          description: ~
          example: ~
        - json_name: nextCursor
          required: false
          optional: true
          nullable: true
          schema:
            type: well_known
            of: uuid
          description: ~
          example: ~
        - json_name: pageSize
          required: false
          optional: false
          nullable: false
          schema:
            type: primitive
            of:
              prim: int
              bits: 32
              signed: true
          description: ~
          example: ~
        - json_name: total
          required: false
          optional: false
          nullable: false
          schema:
            type: primitive
            of:
              prim: int
              bits: 64
              signed: true
          description: ~
          example: ~
    provenance:
      file: internal/common/dto/goal.go
      start_line: 67
      end_line: 67
  - id: internal/common/dto.TargetDirection
    name: TargetDirection
    body:
      type: enum
      of:
        - gte
        - lte
    enum_source_order:
      - gte
      - lte
    provenance:
      file: internal/common/dto/common.go
      start_line: 39
      end_line: 39
  - id: internal/common/dto.UpdateGoalInput
    name: UpdateGoalInput
    body:
      type: object
      of:
        - json_name: analyticsQuery
          required: false
          optional: true
          nullable: true
          schema:
            type: named
            of: internal/common/dto.GoalAnalyticsQuery
          description: ~
          example: ~
        - json_name: description
          required: false
          optional: true
          nullable: false
          schema:
            type: primitive
            of:
              prim: string
          description: Updated explanation
          example: ~
        - json_name: name
          required: false
          optional: true
          nullable: false
          schema:
            type: primitive
            of:
              prim: string
          description: Updated goal name
          example: ~
        - json_name: targetDirection
          required: false
          optional: true
          nullable: true
          schema:
            type: named
            of: internal/common/dto.TargetDirection
          description: ~
          example: ~
        - json_name: targetValue
          required: false
          optional: true
          nullable: true
          schema:
            type: primitive
            of:
              prim: float
              bits: 32
          description: ~
          example: ~
        - json_name: workflowChainIds
          required: false
          optional: true
          nullable: false
          schema:
            type: array
            of:
              type: well_known
              of: uuid
          description: ~
          example: ~
    provenance:
      file: internal/common/dto/goal.go
      start_line: 39
      end_line: 39
diagnostics:
  - code: schema.numeric.narrowing
    severity: WARN
    category: schema
    message: "float64 -> float32 narrowing: field CreateGoalInput.TargetValue (*float64) loses precision in the generated Go SDK; map to float64 or surface a compatibility diagnostic (TARGET-API.md §5.2)"
    file: internal/common/dto/goal.go
    line: 32
    span:
      file: internal/common/dto/goal.go
      start_line: 32
      end_line: 32
    schema: CreateGoalInput
    subject: TargetValue
  - code: schema.numeric.narrowing
    severity: WARN
    category: schema
    message: "float64 -> float32 narrowing: field UpdateGoalInput.TargetValue (*float64) loses precision in the generated Go SDK; map to float64 or surface a compatibility diagnostic (TARGET-API.md §5.2)"
    file: internal/common/dto/goal.go
    line: 43
    span:
      file: internal/common/dto/goal.go
      start_line: 43
      end_line: 43
    schema: UpdateGoalInput
    subject: TargetValue
  - code: schema.numeric.narrowing
    severity: WARN
    category: schema
    message: "float64 -> float32 narrowing: field GoalResponse.TargetValue (*float64) loses precision in the generated Go SDK; map to float64 or surface a compatibility diagnostic (TARGET-API.md §5.2)"
    file: internal/common/dto/goal.go
    line: 57
    span:
      file: internal/common/dto/goal.go
      start_line: 57
      end_line: 57
    schema: GoalResponse
    subject: TargetValue
  - code: schema.free_form_map
    severity: WARN
    category: schema
    message: "free-form map field: GoalResponse.Metadata (map[string]any) lowers to additionalProperties: true; downstream generators may mishandle untyped maps (TARGET-API.md §5.1)"
    file: internal/common/dto/goal.go
    line: 62
    span:
      file: internal/common/dto/goal.go
      start_line: 62
      end_line: 62
    schema: GoalResponse
    subject: Metadata
  - code: request.parameter.unresolved
    severity: WARN
    category: request_parameter
    message: "untyped query param 'cursor' on GET /list: read via c.Query with no binding struct; param type/required-ness under-specified, type inferred as string only (TARGET-API.md §5.4)"
    file: internal/goal/ports/handlers.go
    line: 45
    span:
      file: internal/goal/ports/handlers.go
      start_line: 45
      end_line: 45
    operation: GET /list
    subject: cursor
  - code: request.parameter.unresolved
    severity: WARN
    category: request_parameter
    message: "untyped query param 'page_size' on GET /list: read via c.Query with no binding struct; param type/required-ness under-specified, type inferred as string only (TARGET-API.md §5.4)"
    file: internal/goal/ports/handlers.go
    line: 46
    span:
      file: internal/goal/ports/handlers.go
      start_line: 46
      end_line: 46
    operation: GET /list
    subject: page_size
  - code: request.parameter.unresolved
    severity: WARN
    category: request_parameter
    message: "untyped query param 'aggregation' on GET /list: read via c.Query with no binding struct; param type/required-ness under-specified, type inferred as string only (TARGET-API.md §5.4)"
    file: internal/goal/ports/handlers.go
    line: 47
    span:
      file: internal/goal/ports/handlers.go
      start_line: 47
      end_line: 47
    operation: GET /list
    subject: aggregation
  - code: source.unresolved
    severity: WARN
    category: source
    message: "unsupported Gin route pattern: dynamic Gin group prefix; prefix skipped rather than guessed (GO-04)"
    file: internal/goal/ports/http.go
    line: 52
    span:
      file: internal/goal/ports/http.go
      start_line: 52
      end_line: 52
base_path: /
title: API
security: []
