---
source: crates/gnr8-core/tests/snapshot_sdk.rs
assertion_line: 27
expression: sdk
---
// ==== gnr8:file client.go ====
package goalservice

import (
	"net/http"
	"time"
)

// Client is the goalservice SDK entrypoint. Tag-grouped operation methods hang
// off this type; it is constructed with functional options.
type Client struct {
	baseURL    string
	httpClient *http.Client
}

// Option mutates a Client during construction (functional-options pattern).
type Option func(*Client)

// WithHTTPClient overrides the default *http.Client (timeouts, transport, etc.).
func WithHTTPClient(hc *http.Client) Option {
	return func(c *Client) { c.httpClient = hc }
}

// NewClient builds a Client for the given base URL, applying any options. A
// sensible default *http.Client is used unless WithHTTPClient overrides it.
func NewClient(baseURL string, opts ...Option) *Client {
	c := &Client{
		baseURL:    baseURL,
		httpClient: &http.Client{Timeout: 30 * time.Second},
	}
	for _, opt := range opts {
		opt(c)
	}
	return c
}
// ==== gnr8:file errors.go ====
package goalservice

import "fmt"

// APIError is returned by operation methods on non-2xx responses. It exposes the
// HTTP status and the decoded error body (message/slug/hints).
type APIError struct {
	StatusCode int
	Message    string
	Slug       string
	Hints      []string
}

// Error implements the error interface.
func (e *APIError) Error() string {
	return fmt.Sprintf("goalservice: %d %s (%s)", e.StatusCode, e.Message, e.Slug)
}

// IsNotFound reports whether the error is a 404.
func (e *APIError) IsNotFound() bool {
	return e.StatusCode == 404
}

func apiErrorStringValue(v any) string {
	switch value := v.(type) {
	case string:
		return value
	case *string:
		if value == nil {
			return ""
		}
		return *value
	default:
		return ""
	}
}

func apiErrorStringSliceValue(v any) []string {
	switch value := v.(type) {
	case []string:
		return value
	case *[]string:
		if value == nil {
			return nil
		}
		return *value
	default:
		return nil
	}
}
// ==== gnr8:file models.go ====
package goalservice

import "time"

type CommandMessage struct {
	Message string `json:"message"`
}

type CommandMessageWithUUID struct {
	Message string `json:"message"`
	UUID    string `json:"uuid"`
}

type CreateGoalInput struct {
	AnalyticsQuery   GoalAnalyticsQuery `json:"analyticsQuery"`
	Description      string             `json:"description"`
	Name             string             `json:"name"`
	TargetDirection  *TargetDirection   `json:"targetDirection,omitempty"`
	TargetValue      *float32           `json:"targetValue,omitempty"`
	WorkflowChainIDs []string           `json:"workflowChainIds,omitempty"`
}

type GoalAnalyticsQuery struct {
	IncludePast bool   `json:"includePast,omitempty"`
	Metric      string `json:"metric"`
	WindowDays  int64  `json:"windowDays"`
}

type GoalResponse struct {
	AnalyticsQuery  GoalAnalyticsQuery `json:"analyticsQuery"`
	CreatedAt       time.Time          `json:"createdAt"`
	Description     string             `json:"description,omitempty"`
	Metadata        any                `json:"metadata,omitempty"`
	Name            string             `json:"name"`
	TargetDirection *TargetDirection   `json:"targetDirection,omitempty"`
	TargetValue     *float32           `json:"targetValue,omitempty"`
	UUID            string             `json:"uuid"`
}

type HttpError struct {
	Hints   []string `json:"hints,omitempty"`
	Message string   `json:"message"`
	Slug    string   `json:"slug,omitempty"`
}

type ListGoalsOutput struct {
	Goals      []GoalResponse `json:"goals"`
	NextCursor string         `json:"nextCursor,omitempty"`
	PageSize   int64          `json:"pageSize"`
	Total      int64          `json:"total"`
}

type TargetDirection string

const (
	TargetDirectionGte TargetDirection = "gte"
	TargetDirectionLte TargetDirection = "lte"
)

const (
	GteTargetDirection TargetDirection = "gte"
	LteTargetDirection TargetDirection = "lte"
)

type UpdateGoalInput struct {
	AnalyticsQuery   *GoalAnalyticsQuery `json:"analyticsQuery,omitempty"`
	Description      string              `json:"description,omitempty"`
	Name             string              `json:"name,omitempty"`
	TargetDirection  *TargetDirection    `json:"targetDirection,omitempty"`
	TargetValue      *float32            `json:"targetValue,omitempty"`
	WorkflowChainIDs []string            `json:"workflowChainIds,omitempty"`
}
// ==== gnr8:file operations.go ====
package goalservice

import (
	"bytes"
	"context"
	"encoding/json"
	"fmt"
	"net/http"
	"net/url"
)

// CreateGoal -> POST /goal/
func (c *Client) CreateGoal(ctx context.Context, in CreateGoalInput) (CommandMessageWithUUID, error) {
	var out CommandMessageWithUUID
	payload, err := json.Marshal(in)
	if err != nil {
		return out, err
	}
	reqBody := bytes.NewReader(payload)
	reqURL := c.baseURL + "/goal/"
	req, err := http.NewRequestWithContext(ctx, "POST", reqURL, reqBody)
	if err != nil {
		return out, err
	}
	req.Header.Set("Content-Type", "application/json")
	resp, err := c.httpClient.Do(req)
	if err != nil {
		return out, err
	}
	defer resp.Body.Close()
	if resp.StatusCode != 201 {
		var apiErr HttpError
		_ = json.NewDecoder(resp.Body).Decode(&apiErr)
		return out, &APIError{
			StatusCode: resp.StatusCode,
			Message:    apiErrorStringValue(apiErr.Message),
			Slug:       apiErrorStringValue(apiErr.Slug),
			Hints:      apiErrorStringSliceValue(apiErr.Hints),
		}
	}
	if err := json.NewDecoder(resp.Body).Decode(&out); err != nil {
		return out, err
	}
	return out, nil
}

// ListGoalsParams carries the query parameters for ListGoals.
type ListGoalsParams struct {
	Aggregation *string
	Cursor      *string
	PageSize    *string
}

// ListGoals -> GET /goal/list
func (c *Client) ListGoals(ctx context.Context, params ListGoalsParams) (ListGoalsOutput, error) {
	var out ListGoalsOutput
	reqURL := c.baseURL + "/goal/list"
	req, err := http.NewRequestWithContext(ctx, "GET", reqURL, nil)
	if err != nil {
		return out, err
	}
	q := req.URL.Query()
	if params.Aggregation != nil {
		q.Set("aggregation", *params.Aggregation)
	}
	if params.Cursor != nil {
		q.Set("cursor", *params.Cursor)
	}
	if params.PageSize != nil {
		q.Set("page_size", *params.PageSize)
	}
	req.URL.RawQuery = q.Encode()
	resp, err := c.httpClient.Do(req)
	if err != nil {
		return out, err
	}
	defer resp.Body.Close()
	if resp.StatusCode != 200 {
		var apiErr struct {
			Message string   `json:"message"`
			Slug    string   `json:"slug"`
			Hints   []string `json:"hints"`
		}
		_ = json.NewDecoder(resp.Body).Decode(&apiErr)
		return out, &APIError{
			StatusCode: resp.StatusCode,
			Message:    apiErr.Message,
			Slug:       apiErr.Slug,
			Hints:      apiErr.Hints,
		}
	}
	if err := json.NewDecoder(resp.Body).Decode(&out); err != nil {
		return out, err
	}
	return out, nil
}

// DeleteGoal -> DELETE /goal/{uuid}
func (c *Client) DeleteGoal(ctx context.Context, uuid string) (CommandMessage, error) {
	var out CommandMessage
	reqURL := c.baseURL + fmt.Sprintf("/goal/%s", url.PathEscape(uuid))
	req, err := http.NewRequestWithContext(ctx, "DELETE", reqURL, nil)
	if err != nil {
		return out, err
	}
	resp, err := c.httpClient.Do(req)
	if err != nil {
		return out, err
	}
	defer resp.Body.Close()
	if resp.StatusCode != 200 {
		var apiErr HttpError
		_ = json.NewDecoder(resp.Body).Decode(&apiErr)
		return out, &APIError{
			StatusCode: resp.StatusCode,
			Message:    apiErrorStringValue(apiErr.Message),
			Slug:       apiErrorStringValue(apiErr.Slug),
			Hints:      apiErrorStringSliceValue(apiErr.Hints),
		}
	}
	if err := json.NewDecoder(resp.Body).Decode(&out); err != nil {
		return out, err
	}
	return out, nil
}

// UpdateGoal -> PUT /goal/{uuid}
func (c *Client) UpdateGoal(ctx context.Context, uuid string, in UpdateGoalInput) (CommandMessage, error) {
	var out CommandMessage
	payload, err := json.Marshal(in)
	if err != nil {
		return out, err
	}
	reqBody := bytes.NewReader(payload)
	reqURL := c.baseURL + fmt.Sprintf("/goal/%s", url.PathEscape(uuid))
	req, err := http.NewRequestWithContext(ctx, "PUT", reqURL, reqBody)
	if err != nil {
		return out, err
	}
	req.Header.Set("Content-Type", "application/json")
	resp, err := c.httpClient.Do(req)
	if err != nil {
		return out, err
	}
	defer resp.Body.Close()
	if resp.StatusCode != 200 {
		var apiErr HttpError
		_ = json.NewDecoder(resp.Body).Decode(&apiErr)
		return out, &APIError{
			StatusCode: resp.StatusCode,
			Message:    apiErrorStringValue(apiErr.Message),
			Slug:       apiErrorStringValue(apiErr.Slug),
			Hints:      apiErrorStringSliceValue(apiErr.Hints),
		}
	}
	if err := json.NewDecoder(resp.Body).Decode(&out); err != nil {
		return out, err
	}
	return out, nil
}
