---
source: crates/gnr8-core/tests/snapshot_openapi.rs
expression: openapi
---
openapi: 3.1.0
info:
  title: goalservice
  version: 0.1.0
security:
  - ApiKeyAuth: []
paths:
  '/goal/':
    post:
      operationId: createGoal
      requestBody:
        required: true
        content:
          application/json:
            schema:
              $ref: '#/components/schemas/CreateGoalInput'
      responses:
        '201':
          description: Response 201
          content:
            application/json:
              schema:
                $ref: '#/components/schemas/CommandMessageWithUUID'
        '400':
          description: Response 400
          content:
            application/json:
              schema:
                $ref: '#/components/schemas/HttpError'
  '/goal/list':
    get:
      operationId: listGoals
      parameters:
      - name: aggregation
        in: query
        required: false
        schema:
          type: string
      - name: cursor
        in: query
        required: false
        schema:
          type: string
      - name: page_size
        in: query
        required: false
        schema:
          type: string
      responses:
        '200':
          description: Response 200
          content:
            application/json:
              schema:
                $ref: '#/components/schemas/ListGoalsOutput'
  '/goal/{uuid}':
    put:
      operationId: updateGoal
      parameters:
      - name: uuid
        in: path
        required: true
        schema:
          type: string
      requestBody:
        required: true
        content:
          application/json:
            schema:
              $ref: '#/components/schemas/UpdateGoalInput'
      responses:
        '200':
          description: Response 200
          content:
            application/json:
              schema:
                $ref: '#/components/schemas/CommandMessage'
        '400':
          description: Response 400
          content:
            application/json:
              schema:
                $ref: '#/components/schemas/HttpError'
    delete:
      operationId: deleteGoal
      parameters:
      - name: uuid
        in: path
        required: true
        schema:
          type: string
      responses:
        '200':
          description: Response 200
          content:
            application/json:
              schema:
                $ref: '#/components/schemas/CommandMessage'
        '400':
          description: Response 400
          content:
            application/json:
              schema:
                $ref: '#/components/schemas/HttpError'
components:
  securitySchemes:
    ApiKeyAuth:
      type: apiKey
      in: header
      name: X-API-Key
  schemas:
    CommandMessage:
      type: object
      required: [message]
      properties:
        message:
          type: string
    CommandMessageWithUUID:
      type: object
      required: [message, uuid]
      properties:
        message:
          type: string
        uuid:
          type: string
          format: uuid
    CreateGoalInput:
      type: object
      required: [analyticsQuery, name]
      properties:
        analyticsQuery:
          $ref: '#/components/schemas/GoalAnalyticsQuery'
        description:
          type: string
          description: Longer explanation
        name:
          type: string
          description: Short human-readable goal name
        targetDirection:
          oneOf:
          - $ref: '#/components/schemas/TargetDirection'
          - type: null
        targetValue:
          type: [number, null]
        workflowChainIds:
          type: array
          items:
            type: string
            format: uuid
    GoalAnalyticsQuery:
      type: object
      required: [metric]
      properties:
        includePast:
          type: boolean
          description: Whether to include historical data points
        metric:
          type: string
          description: Analytics metric to evaluate
        windowDays:
          type: integer
          description: Rolling window size in days
    GoalResponse:
      type: object
      required: [name, uuid]
      properties:
        analyticsQuery:
          $ref: '#/components/schemas/GoalAnalyticsQuery'
        createdAt:
          type: string
          format: date-time
        description:
          type: string
        metadata:
          type: object
          additionalProperties: true
        name:
          type: string
        targetDirection:
          oneOf:
          - $ref: '#/components/schemas/TargetDirection'
          - type: null
        targetValue:
          type: [number, null]
        uuid:
          type: string
          format: uuid
    HttpError:
      type: object
      required: [message]
      properties:
        hints:
          type: array
          items:
            type: string
        message:
          type: string
        slug:
          type: string
    ListGoalsOutput:
      type: object
      properties:
        goals:
          type: array
          items:
            $ref: '#/components/schemas/GoalResponse'
        nextCursor:
          type: [string, null]
          format: uuid
        pageSize:
          type: integer
        total:
          type: integer
    TargetDirection:
      type: string
      enum: [gte, lte]
    UpdateGoalInput:
      type: object
      properties:
        analyticsQuery:
          oneOf:
          - $ref: '#/components/schemas/GoalAnalyticsQuery'
          - type: null
        description:
          type: string
          description: Updated explanation
        name:
          type: string
          description: Updated goal name
        targetDirection:
          oneOf:
          - $ref: '#/components/schemas/TargetDirection'
          - type: null
        targetValue:
          type: [number, null]
        workflowChainIds:
          type: array
          items:
            type: string
            format: uuid
